+---------------+-----------------------------+
|  Model Name   |          OnnxModel          |
+---------------+-----------------------------+
|  Model Info   | Op Set: 17 / IR Version: 10 |
+---------------+-----------------------------+
|     IN: z     |    float32: (1, 32, 201)    |
|  OUT: audio   |   float32: (1, 1, 385920)   |
+---------------+-----------------------------+
|      Add      |             41              |
|     Conv      |             27              |
| ConvTranspose |              4              |
|      Cos      |             29              |
|      Mul      |             58              |
|    Reshape    |             29              |
|      Sub      |             29              |
|     Tanh      |              1              |
+---------------+-----------------------------+
|  Model Size   |          249.26 MB          |
+---------------+-----------------------------+
2026-05-26 08:51:17.404 | WARNING  | yamain.command.build:fill_default:314 - apply default output processor configuration to ['audio']
2026-05-26 08:51:17.405 | INFO     | yamain.common.util:extract_archive:149 - extract [/data/build/calib_dacvae_201/z.tar.gz] to [/data/build/axmodel_dacvae_T201/quant/dataset/z]...
2026-05-26 08:51:17.686 | INFO     | frontend.parsers.onnx_parser:parse_onnx_model_proto:87 - onnxslim...
+---------------+-----------------------------+-----------------------------+
|  Model Name   |          OnnxModel          |          OnnxModel          |
+---------------+-----------------------------+-----------------------------+
|  Model Info   | Op Set: 17 / IR Version: 10 | Op Set: 17 / IR Version: 10 |
+---------------+-----------------------------+-----------------------------+
|     IN: z     |    float32: (1, 32, 201)    |    float32: (1, 32, 201)    |
|  OUT: audio   |   float32: (1, 1, 385920)   |   float32: (1, 1, 385920)   |
+---------------+-----------------------------+-----------------------------+
|      Add      |             41              |             41              |
|     Conv      |             27              |             27              |
| ConvTranspose |              4              |              4              |
|      Cos      |             29              |             29              |
|      Mul      |             58              |             58              |
|    Reshape    |             29              |              0              |
|      Sub      |             29              |             29              |
|     Tanh      |              1              |              1              |
+---------------+-----------------------------+-----------------------------+
|  Model Size   |          249.26 MB          |          249.26 MB          |
+---------------+-----------------------------+-----------------------------+
| Elapsed Time  |                          0.58 s                           |
+---------------+-----------------------------+-----------------------------+
Building onnx ━━━━━━━━━━━━━━━━━━━━━━━━━━━━━━━━━━━━━━━━ 100% 0:00:00
Killed
